Unity Editor version:    6000.6.2f1 (770e33f6875c)
Branch:                  6000.6/staging
Build type:              Release
Batch mode:              YES
macOS version:           Version 27.0 (Build 26A428)
Darwin version:          27.0.0
Architecture:            arm64
Running under Rosetta:   NO
Available memory:        16384 MB
Date:                    2026-09-20T02:54:09Z
Launching external process: /Applications/Unity/Hub/Editor/6000.6.2f1/Unity.app/Contents/Resources/Scripting/NetCoreRuntime/dotnet
VBCSCompilerPreWarmer: pre-warm launched (dotnet PID 31443)
VBCSCompiler prewarm took 2.80 ms
Launching external process: /Applications/Unity/Hub/Editor/6000.6.2f1/Unity.app/Contents/Helpers/UnityLicensingClient.app/Contents/MacOS/Unity.Licensing.Client
[Licensing::Module] Trying to connect to existing licensing client channel...
[Licensing::IpcConnector] Channel LicenseClient-yanzhenchen doesn't exist
[Licensing::Module] Successfully launched the LicensingClient (PId: 31444)
Launching external process: /Applications/Unity/Hub/Editor/6000.6.2f1/Unity.app/Contents/Helpers/PackageManager/Server/UnityPackageManager

COMMAND LINE ARGUMENTS:
/Applications/Unity/Hub/Editor/6000.6.2f1/Unity.app/Contents/MacOS/Unity
-batchmode
-nographics
-quit
-projectPath
Unity
-logFile
scene.log
-executeMethod
SpatialDebugger.EditorTools.SpatialDebuggerSceneSetup.BuildScene
Successfully changed project path to: /Users/yanzhenchen/Desktop/GitHub Projects/HTN2026/SpatialDebugger/Unity
/Users/yanzhenchen/Desktop/GitHub Projects/HTN2026/SpatialDebugger/Unity
[UnityMemory] Configuration Parameters - Can be set up in boot.config
    "memorysetup-temp-allocator-size-gi-baking-worker=262144"
    "memorysetup-temp-allocator-size-gi-baking-worker=262144"
    "memorysetup-temp-allocator-size-gi-baking-worker=262144"
    "memorysetup-temp-allocator-size-gi-baking-worker=262144"
    "memorysetup-temp-allocator-size-gi-baking-worker=262144"
    "memorysetup-temp-allocator-size-nav-mesh-worker=65536"
    "memorysetup-temp-allocator-size-audio-worker=65536"
    "memorysetup-temp-allocator-size-cloud-worker=32768"
    "memorysetup-temp-allocator-size-preload-manager=33554432"
    "memorysetup-remapper-allocator-initial-capacity=32768"
    "memorysetup-temp-allocator-size-gfx=262144"
    "memorysetup-allocator-temp-initial-block-size-main=262144"
    "memorysetup-allocator-temp-initial-block-size-worker=262144"
    "memorysetup-temp-allocator-size-background-worker=32768"
    "memorysetup-temp-allocator-size-job-worker=262144"
    "memorysetup-bucket-allocator-granularity=16"
    "memorysetup-bucket-allocator-bucket-count=8"
    "memorysetup-bucket-allocator-block-size=33554432"
    "memorysetup-bucket-allocator-block-count=8"
    "memorysetup-main-allocator-block-size=16777216"
    "memorysetup-thread-allocator-block-size=16777216"
    "memorysetup-main-allocator-mimalloc-enabled=1"
    "memorysetup-gfx-main-allocator-block-size=16777216"
    "memorysetup-gfx-thread-allocator-block-size=16777216"
    "memorysetup-cache-allocator-block-size=4194304"
    "memorysetup-typetree-allocator-block-size=2097152"
    "memorysetup-profiler-bucket-allocator-granularity=16"
    "memorysetup-profiler-bucket-allocator-bucket-count=8"
    "memorysetup-profiler-bucket-allocator-block-size=33554432"
    "memorysetup-profiler-bucket-allocator-block-count=8"
    "memorysetup-profiler-allocator-block-size=16777216"
    "memorysetup-profiler-editor-allocator-block-size=1048576"
    "memorysetup-temp-allocator-size-main=16777216"
    "memorysetup-job-temp-allocator-block-size=2097152"
    "memorysetup-job-temp-allocator-block-size-background=1048576"
    "memorysetup-job-temp-allocator-reduction-small-platforms=262144"
Logging is directed to a specific file, skipping project log.
Player connection [8593112960]  Target information:

Player connection [8593112960]  * "[IP] 10.36.61.82 [Port] 55504 [Flags] 2 [Guid] 2473516684 [EditorId] 2473516684 [Version] 1048832 [Id] OSXEditor(0,eduroam-campus-10-36-61-82.campus-dynamic.uwaterloo.ca) [Debug] 1 [PackageName] OSXEditor [ProjectName] Editor" 

Player connection [8593112960] Host joined multi-casting on [225.0.0.222:54997]...
Player connection [8593112960] Host joined alternative multi-casting on [225.0.0.222:34997]...
Input System module state changed to: Initialized.
[Physics::Module] Initialized fallback backend.
[Physics::Module] Id: 0xdecafbad
[Package Manager] Connected to IPC stream "Upm-31441" after 1.0 seconds.
[Licensing::Module] Licensing is not yet initialized.
[Licensing::IpcConnector] Successfully connected to: "LicenseClient-yanzhenchen" at "2026-09-20T02:54:11.754294Z"
Initialising UDS system complete:
  - System type: Client
  - Resource namespace: ff833041a04c73c51f7bcc0f56aaa130
  - Shared memory size: 1073741824
  - Command buffer id: 1052672
  - Command buffer size: 8192
  - Hashmap size: 4194304
  - Service connected: false
[Licensing::Client] Handshaking with LicensingClient:
  Version:                 1.18.3+d7ffd15
  Session Id:              0d2edc0955db45cd82fca21aae60157b
  Correlation Id:          839eafd7b8c1abc97d814cc1055fe15b
  External correlation Id: 8060568657804241257
  Machine Id:              SaiwEdWQWg/3BW7sVWfD0gmEepU=
[Licensing::Module] Successfully connected to LicensingClient on channel: "LicenseClient-yanzhenchen" (connect: 1.95s, validation: 0.14s, handshake: 0.26s)
[Licensing::IpcConnector] Successfully connected to: "LicenseClient-yanzhenchen-notifications" at "2026-09-20T02:54:12.147889Z"
[Licensing::Module] Connected to LicensingClient (PId: 31444, launch time: 0.01, total connection time: 2.34s)
[Licensing::Module] Error: Access token is unavailable; failed to update
[Licensing::Client] Successfully resolved entitlement details
[Licensing::Module] License group:
  Id: 3573539312173-UnityPersXXXX
  Product: Unity Personal
  Type: Assigned
  Expiration: Unlimited
[Licensing::Client] Successfully updated license, isAsync: True, time: 0.00
[Licensing::Client] Successfully resolved entitlement details
[Licensing::Module] Licensing Background thread has ended after 2.36s
[Licensing::Module] Licensing is initialized (took 1.25s).
[Licensing::Client] Successfully resolved entitlement details
Library Redirect Path: Library/
Launching Unity Data Store - /Applications/Unity/Hub/Editor/6000.6.2f1/Unity.app/Contents/Helpers/Unity.DataStore 
Unity Data Store artifact dir = Library/DataStore, working dir = /Users/yanzhenchen/Desktop/GitHub Projects/HTN2026/SpatialDebugger/Unity[Physics::Module] Selected backend.
[Physics::Module] Name: PhysX
[Physics::Module] Id: 0xf2b8ea05
[Physics::Module] SDK Version: 4.1.2
[Physics::Module] Integration Version: 1.0.0
[Physics::Module] Threading Mode: Multi-Threaded
Active build profile path: `Assets/Settings/Build Profiles/Android™.asset`
Unity Data Store running and initialised
Got setting from build profile YAML, name `m_BuildSubtarget`, value `0`
[Licensing::Client] Successfully resolved entitlement details
Got setting from build profile YAML, name `m_BuildTarget`, value `13`
Got setting from build profile YAML, name `m_Subtarget`, value `0`
Initialize engine version: 6000.6.2f1 (770e33f6875c)
[EntityIdStore] init: VM path (explicit commit), pageSize=16384, blockCount=262144, entitiesPerBlock=1024, slots reserved=4294967296 bytes
[Subsystems] Discovering subsystems at path /Applications/Unity/Hub/Editor/6000.6.2f1/Unity.app/Contents/Resources/UnitySubsystems
[Subsystems] Discovering subsystems at path /Users/yanzhenchen/Desktop/GitHub Projects/HTN2026/SpatialDebugger/Unity/Assets
Forcing GfxDevice: Null
GfxDevice: creating device client; kGfxThreadingModeNonThreaded
NullGfxDevice:
    Version:  NULL 1.0 [1.0]
    Renderer: Null Device
    Vendor:   Unity Technologies
Got setting from build profile YAML, name `m_BuildSubtarget`, value `0`
Shader 'Meta/MRUK/Scene/HighlightsAndShadows': fallback shader 'Off' not found
Shader 'Oculus/OVRMRCameraFrameLit': fallback shader 'Alpha-Diffuse' not found
Got setting from build profile YAML, name `m_BuildSubtarget`, value `0`
Got setting from build profile YAML, name `m_BuildSubtarget`, value `0`
Initialize mono
Mono path[0] = '/Applications/Unity/Hub/Editor/6000.6.2f1/Unity.app/Contents/Resources/Scripting/Managed'
Mono path[1] = '/Applications/Unity/Hub/Editor/6000.6.2f1/Unity.app/Contents/Resources/Scripting/BCLExtensions/runtime/netstandard2.1'
Mono path[2] = '/Applications/Unity/Hub/Editor/6000.6.2f1/Unity.app/Contents/Resources/Scripting/MonoBleedingEdge/lib/mono/unityjit-macos'
Mono config path = '/Applications/Unity/Hub/Editor/6000.6.2f1/Unity.app/Contents/Resources/Scripting/MonoBleedingEdge/etc'
Using monoOptions --debugger-agent=transport=dt_socket,embedding=1,server=y,suspend=n,address=127.0.0.1:56441
CodeReloadManager initialized
ImportWorker Server TCP listen port: 0
AcceleratorClientConnectionCallback - disconnected - :0
Got setting from build profile YAML, name `m_BuildSubtarget`, value `0`
Got setting from build profile YAML, name `m_BuildSubtarget`, value `0`
Begin MonoManager ReloadAssembly
Registering precompiled unity dll's ...
Register platform support module: /Applications/Unity/Hub/Editor/6000.6.2f1/PlaybackEngines/WebGLSupport/UnityEditor.WebGL.Extensions.dll
Register platform support module: /Applications/Unity/Hub/Editor/6000.6.2f1/PlaybackEngines/MacStandaloneSupport/UnityEditor.OSXStandalone.Extensions.dll
Register platform support module: /Applications/Unity/Hub/Editor/6000.6.2f1/PlaybackEngines/AndroidPlayer/UnityEditor.Android.Extensions.dll
Registered in 0.001978 seconds.
Got setting from build profile YAML, name `m_BuildSubtarget`, value `0`
Got setting from build profile YAML, name `m_BuildSubtarget`, value `0`
Got setting from build profile YAML, name `m_BuildSubtarget`, value `0`
Got setting from build profile YAML, name `m_BuildSubtarget`, value `0`
Got setting from build profile YAML, name `m_BuildSubtarget`, value `0`
Got setting from build profile YAML, name `m_BuildSubtarget`, value `0`
Native extension for Android target not found
Native extension for OSXStandalone target not found
Native extension for WebGL target not found
Package Manager log level set to [2]
ScheduleIndexationOnStartup MainProcess:False IndexOnStartup:True
Scripting: successfully reloaded assembly
- Finished resetting the current domain, in  0.877 seconds
Domain Reload Profiling: 1146ms
	BeginReloadAssembly (69ms)
	RebuildNativeTypeToScriptingClass (9ms)
	initialDomainReloadingComplete (27ms)
	LoadAllAssembliesAndSetupDomain (161ms)
		LoadAssemblies (68ms)
		TypeCache.Refresh (117ms)
			TypeCache.ScanAssembly (107ms)
		AnalyzeDomain (0ms)
	FinalizeReload (878ms)
		SetupLoadedEditorAssemblies (0ms)
			InitializePlatformSupportModulesInManaged (4ms)
			BeforeProcessingInitializeOnLoad (47ms)
			ProcessInitializeOnLoadAttributes (40ms)
			ProcessInitializeOnLoadMethodAttributes (676ms)
[Licensing::Client] Successfully resolved entitlement details
[Licensing::Client] Successfully resolved entitlement details
Application.AssetDatabase Initial Refresh Start
[Package Manager] Restoring resolved packages state from cache
[Licensing::Client] Successfully resolved entitlement details
[Package Manager] Registered 77 packages:
  Packages from [https://packages.unity.com]:
    com.meta.xr.sdk.all@205.0.0 (location: /Users/yanzhenchen/Desktop/GitHub Projects/HTN2026/SpatialDebugger/Unity/Library/PackageCache/com.meta.xr.sdk.all@eefa31febf37)
    com.unity.ai.navigation@2.0.14 (location: /Users/yanzhenchen/Desktop/GitHub Projects/HTN2026/SpatialDebugger/Unity/Library/PackageCache/com.unity.ai.navigation@134dd6a3b97b)
    com.unity.collab-proxy@2.13.6 (location: /Users/yanzhenchen/Desktop/GitHub Projects/HTN2026/SpatialDebugger/Unity/Library/PackageCache/com.unity.collab-proxy@4628d2ba6ea4)
    com.unity.ide.rider@3.0.38 (location: /Users/yanzhenchen/Desktop/GitHub Projects/HTN2026/SpatialDebugger/Unity/Library/PackageCache/com.unity.ide.rider@1f60b3138684)
    com.unity.ide.visualstudio@2.0.26 (location: /Users/yanzhenchen/Desktop/GitHub Projects/HTN2026/SpatialDebugger/Unity/Library/PackageCache/com.unity.ide.visualstudio@a99d56dec63f)
    com.unity.inputsystem@1.20.0 (location: /Users/yanzhenchen/Desktop/GitHub Projects/HTN2026/SpatialDebugger/Unity/Library/PackageCache/com.unity.inputsystem@7a4e1a2a8194)
    com.unity.pipeline@0.7.0-exp.1 (location: /Users/yanzhenchen/Desktop/GitHub Projects/HTN2026/SpatialDebugger/Unity/Library/PackageCache/com.unity.pipeline@ab05e9cd7f74)
    com.unity.visualscripting@1.9.12 (location: /Users/yanzhenchen/Desktop/GitHub Projects/HTN2026/SpatialDebugger/Unity/Library/PackageCache/com.unity.visualscripting@4edfcc09512f)
    com.unity.xr.management@4.7.0 (location: /Users/yanzhenchen/Desktop/GitHub Projects/HTN2026/SpatialDebugger/Unity/Library/PackageCache/com.unity.xr.management@2ad85c7dd480)
    com.unity.xr.openxr@1.18.0 (location: /Users/yanzhenchen/Desktop/GitHub Projects/HTN2026/SpatialDebugger/Unity/Library/PackageCache/com.unity.xr.openxr@b5b77b4027be)
    com.unity.xr.core-utils@2.6.0 (location: /Users/yanzhenchen/Desktop/GitHub Projects/HTN2026/SpatialDebugger/Unity/Library/PackageCache/com.unity.xr.core-utils@a8b900321199)
    com.unity.xr.legacyinputhelpers@3.0.1 (location: /Users/yanzhenchen/Desktop/GitHub Projects/HTN2026/SpatialDebugger/Unity/Library/PackageCache/com.unity.xr.legacyinputhelpers@3f62d634f63b)
    com.unity.nuget.mono-cecil@1.11.6 (location: /Users/yanzhenchen/Desktop/GitHub Projects/HTN2026/SpatialDebugger/Unity/Library/PackageCache/com.unity.nuget.mono-cecil@ecb9724e46ff)
    com.unity.nuget.newtonsoft-json@3.2.2 (location: /Users/yanzhenchen/Desktop/GitHub Projects/HTN2026/SpatialDebugger/Unity/Library/PackageCache/com.unity.nuget.newtonsoft-json@4dfd81071c64)
    com.meta.xr.sdk.core@205.0.0 (location: /Users/yanzhenchen/Desktop/GitHub Projects/HTN2026/SpatialDebugger/Unity/Library/PackageCache/com.meta.xr.sdk.core@c0efcbf2ba70)
    com.meta.xr.sdk.audio@85.0.0 (location: /Users/yanzhenchen/Desktop/GitHub Projects/HTN2026/SpatialDebugger/Unity/Library/PackageCache/com.meta.xr.sdk.audio@baafb66e77db)
    com.meta.xr.sdk.voice@85.0.1 (location: /Users/yanzhenchen/Desktop/GitHub Projects/HTN2026/SpatialDebugger/Unity/Library/PackageCache/com.meta.xr.sdk.voice@856439ff2689)
    com.meta.xr.sdk.haptics@205.0.0 (location: /Users/yanzhenchen/Desktop/GitHub Projects/HTN2026/SpatialDebugger/Unity/Library/PackageCache/com.meta.xr.sdk.haptics@ca7512cf6c80)
    com.meta.xr.mrutilitykit@205.0.0 (location: /Users/yanzhenchen/Desktop/GitHub Projects/HTN2026/SpatialDebugger/Unity/Library/PackageCache/com.meta.xr.mrutilitykit@2979546e7179)
    com.meta.xr.sdk.platform@205.0.0 (location: /Users/yanzhenchen/Desktop/GitHub Projects/HTN2026/SpatialDebugger/Unity/Library/PackageCache/com.meta.xr.sdk.platform@77232b66891b)
    com.meta.xr.sdk.interaction@205.0.0 (location: /Users/yanzhenchen/Desktop/GitHub Projects/HTN2026/SpatialDebugger/Unity/Library/PackageCache/com.meta.xr.sdk.interaction@b67d311217e9)
    com.meta.xr.sdk.interaction.ovr@205.0.0 (location: /Users/yanzhenchen/Desktop/GitHub Projects/HTN2026/SpatialDebugger/Unity/Library/PackageCache/com.meta.xr.sdk.interaction.ovr@84d9703a2ac2)
    com.unity.searcher@4.9.5 (location: /Users/yanzhenchen/Desktop/GitHub Projects/HTN2026/SpatialDebugger/Unity/Library/PackageCache/com.unity.searcher@a463122f2c00)
    com.unity.profiling.core@1.0.3 (location: /Users/yanzhenchen/Desktop/GitHub Projects/HTN2026/SpatialDebugger/Unity/Library/PackageCache/com.unity.profiling.core@8a49f7027d06)
    com.unity.xr.hands@1.9.0 (location: /Users/yanzhenchen/Desktop/GitHub Projects/HTN2026/SpatialDebugger/Unity/Library/PackageCache/com.unity.xr.hands@aec06f9cdb0b)
  Built-in packages:
    com.unity.render-pipelines.universal@17.6.0 (location: /Users/yanzhenchen/Desktop/GitHub Projects/HTN2026/SpatialDebugger/Unity/Library/PackageCache/com.unity.render-pipelines.universal@1e1cf3dcbd40)
    com.unity.test-framework@1.8.0 (location: /Users/yanzhenchen/Desktop/GitHub Projects/HTN2026/SpatialDebugger/Unity/Library/PackageCache/com.unity.test-framework@7a3849e09bd0)
    com.unity.timeline@6.6.0 (location: /Users/yanzhenchen/Desktop/GitHub Projects/HTN2026/SpatialDebugger/Unity/Library/PackageCache/com.unity.timeline@c56d56b0070b)
    com.unity.ugui@2.6.0 (location: /Users/yanzhenchen/Desktop/GitHub Projects/HTN2026/SpatialDebugger/Unity/Library/PackageCache/com.unity.ugui@0f30cee369f3)
    com.unity.modules.accessibility@1.0.0 (location: /Users/yanzhenchen/Desktop/GitHub Projects/HTN2026/SpatialDebugger/Unity/Library/PackageCache/com.unity.modules.accessibility)
    com.unity.modules.adaptiveperformance@1.0.0 (location: /Users/yanzhenchen/Desktop/GitHub Projects/HTN2026/SpatialDebugger/Unity/Library/PackageCache/com.unity.modules.adaptiveperformance)
    com.unity.modules.ai@1.0.0 (location: /Users/yanzhenchen/Desktop/GitHub Projects/HTN2026/SpatialDebugger/Unity/Library/PackageCache/com.unity.modules.ai)
    com.unity.modules.androidjni@1.0.0 (location: /Users/yanzhenchen/Desktop/GitHub Projects/HTN2026/SpatialDebugger/Unity/Library/PackageCache/com.unity.modules.androidjni)
    com.unity.modules.animation@1.0.0 (location: /Users/yanzhenchen/Desktop/GitHub Projects/HTN2026/SpatialDebugger/Unity/Library/PackageCache/com.unity.modules.animation)
    com.unity.modules.assetbundle@1.0.0 (location: /Users/yanzhenchen/Desktop/GitHub Projects/HTN2026/SpatialDebugger/Unity/Library/PackageCache/com.unity.modules.assetbundle)
    com.unity.modules.audio@1.0.0 (location: /Users/yanzhenchen/Desktop/GitHub Projects/HTN2026/SpatialDebugger/Unity/Library/PackageCache/com.unity.modules.audio)
    com.unity.modules.cloth@1.0.0 (location: /Users/yanzhenchen/Desktop/GitHub Projects/HTN2026/SpatialDebugger/Unity/Library/PackageCache/com.unity.modules.cloth)
    com.unity.modules.director@1.0.0 (location: /Users/yanzhenchen/Desktop/GitHub Projects/HTN2026/SpatialDebugger/Unity/Library/PackageCache/com.unity.modules.director)
    com.unity.modules.imageconversion@1.0.0 (location: /Users/yanzhenchen/Desktop/GitHub Projects/HTN2026/SpatialDebugger/Unity/Library/PackageCache/com.unity.modules.imageconversion)
    com.unity.modules.imgui@1.0.0 (location: /Users/yanzhenchen/Desktop/GitHub Projects/HTN2026/SpatialDebugger/Unity/Library/PackageCache/com.unity.modules.imgui)
    com.unity.modules.jsonserialize@1.0.0 (location: /Users/yanzhenchen/Desktop/GitHub Projects/HTN2026/SpatialDebugger/Unity/Library/PackageCache/com.unity.modules.jsonserialize)
    com.unity.modules.particlesystem@1.0.0 (location: /Users/yanzhenchen/Desktop/GitHub Projects/HTN2026/SpatialDebugger/Unity/Library/PackageCache/com.unity.modules.particlesystem)
    com.unity.modules.physics@1.0.0 (location: /Users/yanzhenchen/Desktop/GitHub Projects/HTN2026/SpatialDebugger/Unity/Library/PackageCache/com.unity.modules.physics)
    com.unity.modules.physics2d@1.0.0 (location: /Users/yanzhenchen/Desktop/GitHub Projects/HTN2026/SpatialDebugger/Unity/Library/PackageCache/com.unity.modules.physics2d)
    com.unity.modules.physicscore2d@1.0.0 (location: /Users/yanzhenchen/Desktop/GitHub Projects/HTN2026/SpatialDebugger/Unity/Library/PackageCache/com.unity.modules.physicscore2d)
    com.unity.modules.screencapture@1.0.0 (location: /Users/yanzhenchen/Desktop/GitHub Projects/HTN2026/SpatialDebugger/Unity/Library/PackageCache/com.unity.modules.screencapture)
    com.unity.modules.terrain@1.0.0 (location: /Users/yanzhenchen/Desktop/GitHub Projects/HTN2026/SpatialDebugger/Unity/Library/PackageCache/com.unity.modules.terrain)
    com.unity.modules.terrainphysics@1.0.0 (location: /Users/yanzhenchen/Desktop/GitHub Projects/HTN2026/SpatialDebugger/Unity/Library/PackageCache/com.unity.modules.terrainphysics)
    com.unity.modules.tetgen@1.0.0 (location: /Users/yanzhenchen/Desktop/GitHub Projects/HTN2026/SpatialDebugger/Unity/Library/PackageCache/com.unity.modules.tetgen)
    com.unity.modules.tilemap@1.0.0 (location: /Users/yanzhenchen/Desktop/GitHub Projects/HTN2026/SpatialDebugger/Unity/Library/PackageCache/com.unity.modules.tilemap)
    com.unity.modules.timelinefoundation@1.0.0 (location: /Users/yanzhenchen/Desktop/GitHub Projects/HTN2026/SpatialDebugger/Unity/Library/PackageCache/com.unity.modules.timelinefoundation)
    com.unity.modules.ui@1.0.0 (location: /Users/yanzhenchen/Desktop/GitHub Projects/HTN2026/SpatialDebugger/Unity/Library/PackageCache/com.unity.modules.ui)
    com.unity.modules.uielements@1.0.0 (location: /Users/yanzhenchen/Desktop/GitHub Projects/HTN2026/SpatialDebugger/Unity/Library/PackageCache/com.unity.modules.uielements)
    com.unity.modules.umbra@1.0.0 (location: /Users/yanzhenchen/Desktop/GitHub Projects/HTN2026/SpatialDebugger/Unity/Library/PackageCache/com.unity.modules.umbra)
    com.unity.modules.unityanalytics@1.0.0 (location: /Users/yanzhenchen/Desktop/GitHub Projects/HTN2026/SpatialDebugger/Unity/Library/PackageCache/com.unity.modules.unityanalytics)
    com.unity.modules.unitywebrequest@1.0.0 (location: /Users/yanzhenchen/Desktop/GitHub Projects/HTN2026/SpatialDebugger/Unity/Library/PackageCache/com.unity.modules.unitywebrequest)
    com.unity.modules.unitywebrequestassetbundle@1.0.0 (location: /Users/yanzhenchen/Desktop/GitHub Projects/HTN2026/SpatialDebugger/Unity/Library/PackageCache/com.unity.modules.unitywebrequestassetbundle)
    com.unity.modules.unitywebrequestaudio@1.0.0 (location: /Users/yanzhenchen/Desktop/GitHub Projects/HTN2026/SpatialDebugger/Unity/Library/PackageCache/com.unity.modules.unitywebrequestaudio)
    com.unity.modules.unitywebrequesttexture@1.0.0 (location: /Users/yanzhenchen/Desktop/GitHub Projects/HTN2026/SpatialDebugger/Unity/Library/PackageCache/com.unity.modules.unitywebrequesttexture)
    com.unity.modules.unitywebrequestwww@1.0.0 (location: /Users/yanzhenchen/Desktop/GitHub Projects/HTN2026/SpatialDebugger/Unity/Library/PackageCache/com.unity.modules.unitywebrequestwww)
    com.unity.modules.vectorgraphics@1.0.0 (location: /Users/yanzhenchen/Desktop/GitHub Projects/HTN2026/SpatialDebugger/Unity/Library/PackageCache/com.unity.modules.vectorgraphics)
    com.unity.modules.vehicles@1.0.0 (location: /Users/yanzhenchen/Desktop/GitHub Projects/HTN2026/SpatialDebugger/Unity/Library/PackageCache/com.unity.modules.vehicles)
    com.unity.modules.video@1.0.0 (location: /Users/yanzhenchen/Desktop/GitHub Projects/HTN2026/SpatialDebugger/Unity/Library/PackageCache/com.unity.modules.video)
    com.unity.modules.wind@1.0.0 (location: /Users/yanzhenchen/Desktop/GitHub Projects/HTN2026/SpatialDebugger/Unity/Library/PackageCache/com.unity.modules.wind)
    com.unity.modules.xr@1.0.0 (location: /Users/yanzhenchen/Desktop/GitHub Projects/HTN2026/SpatialDebugger/Unity/Library/PackageCache/com.unity.modules.xr)
    com.unity.modules.subsystems@1.0.0 (location: /Users/yanzhenchen/Desktop/GitHub Projects/HTN2026/SpatialDebugger/Unity/Library/PackageCache/com.unity.modules.subsystems)
    com.unity.modules.hierarchycore@1.0.0 (location: /Users/yanzhenchen/Desktop/GitHub Projects/HTN2026/SpatialDebugger/Unity/Library/PackageCache/com.unity.modules.hierarchycore)
    com.unity.ext.nunit@2.1.0 (location: /Users/yanzhenchen/Desktop/GitHub Projects/HTN2026/SpatialDebugger/Unity/Library/PackageCache/com.unity.ext.nunit@0198eae3b53e)
    com.unity.render-pipelines.core@17.6.0 (location: /Users/yanzhenchen/Desktop/GitHub Projects/HTN2026/SpatialDebugger/Unity/Library/PackageCache/com.unity.render-pipelines.core@a14850be21a6)
    com.unity.shadergraph@17.6.0 (location: /Users/yanzhenchen/Desktop/GitHub Projects/HTN2026/SpatialDebugger/Unity/Library/PackageCache/com.unity.shadergraph@96a7923f6bed)
    com.unity.render-pipelines.universal-config@17.6.0 (location: /Users/yanzhenchen/Desktop/GitHub Projects/HTN2026/SpatialDebugger/Unity/Library/PackageCache/com.unity.render-pipelines.universal-config@561422b74439)
    com.unity.graph-authoring@1.0.0 (location: /Users/yanzhenchen/Desktop/GitHub Projects/HTN2026/SpatialDebugger/Unity/Library/PackageCache/com.unity.graph-authoring@cfd2588851ee)
    com.unity.burst@2.0.0 (location: /Users/yanzhenchen/Desktop/GitHub Projects/HTN2026/SpatialDebugger/Unity/Library/PackageCache/com.unity.burst@626e66ab421b)
    com.unity.collections@6.6.0 (location: /Users/yanzhenchen/Desktop/GitHub Projects/HTN2026/SpatialDebugger/Unity/Library/PackageCache/com.unity.collections@10fff0607388)
    com.unity.textmeshpro@5.0.0 (location: /Users/yanzhenchen/Desktop/GitHub Projects/HTN2026/SpatialDebugger/Unity/Library/PackageCache/com.unity.textmeshpro@5861d0377263)
    com.unity.test-framework.performance@6.6.0 (location: /Users/yanzhenchen/Desktop/GitHub Projects/HTN2026/SpatialDebugger/Unity/Library/PackageCache/com.unity.test-framework.performance@0a60b857a52e)
    com.unity.mathematics@1.4.0 (location: /Users/yanzhenchen/Desktop/GitHub Projects/HTN2026/SpatialDebugger/Unity/Library/PackageCache/com.unity.mathematics@8306a64d0cd6)
[Subsystems] Looking for new subsystems at path /Users/yanzhenchen/Desktop/GitHub Projects/HTN2026/SpatialDebugger/Unity/Library/PackageCache/com.unity.xr.openxr@b5b77b4027be
[Subsystems] Novel subsystem found at Library/PackageCache/com.unity.xr.openxr@b5b77b4027be/Runtime/UnitySubsystemsManifest.json
[Subsystems] Discovering subsystems at path /Applications/Unity/Hub/Editor/6000.6.2f1/Unity.app/Contents/Resources/UnitySubsystems
[Subsystems] Discovering subsystems at path /Users/yanzhenchen/Desktop/GitHub Projects/HTN2026/SpatialDebugger/Unity/Assets
[Subsystems] Discovering subsystems at path /Users/yanzhenchen/Desktop/GitHub Projects/HTN2026/SpatialDebugger/Unity/Library/PackageCache/com.unity.xr.openxr@b5b77b4027be
[Subsystems] No descriptors matched for  examples in Library/PackageCache/com.unity.xr.openxr@b5b77b4027be/Runtime/UnitySubsystemsManifest.json.
[Subsystems] 1 'inputs' descriptors matched in Library/PackageCache/com.unity.xr.openxr@b5b77b4027be/Runtime/UnitySubsystemsManifest.json
[Subsystems] 1 'displays' descriptors matched in Library/PackageCache/com.unity.xr.openxr@b5b77b4027be/Runtime/UnitySubsystemsManifest.json
[Subsystems] No descriptors matched for  meshings in Library/PackageCache/com.unity.xr.openxr@b5b77b4027be/Runtime/UnitySubsystemsManifest.json.
[Package Manager] Could not restore immutable package asset: Packages/com.unity.modules.accessibility/baafb66e77db/Runtime/scripts/MetaXRAcousticMap.cs.
[Package Manager] Could not restore immutable package asset: Packages/com.unity.modules.adaptiveperformance/baafb66e77db/Runtime/scripts/MetaXRAcousticMap.cs.
[Package Manager] Could not restore immutable package asset: Packages/com.unity.modules.ai/baafb66e77db/Runtime/scripts/MetaXRAcousticMap.cs.
[Package Manager] Could not restore immutable package asset: Packages/com.unity.modules.androidjni/baafb66e77db/Runtime/scripts/MetaXRAcousticMap.cs.
[Package Manager] Could not restore immutable package asset: Packages/com.unity.modules.animation/baafb66e77db/Runtime/scripts/MetaXRAcousticMap.cs.
[Package Manager] Could not restore immutable package asset: Packages/com.unity.modules.assetbundle/baafb66e77db/Runtime/scripts/MetaXRAcousticMap.cs.
[Package Manager] Could not restore immutable package asset: Packages/com.unity.modules.audio/baafb66e77db/Runtime/scripts/MetaXRAcousticMap.cs.
[Package Manager] Could not restore immutable package asset: Packages/com.unity.modules.cloth/baafb66e77db/Runtime/scripts/MetaXRAcousticMap.cs.
[Package Manager] Could not restore immutable package asset: Packages/com.unity.modules.director/baafb66e77db/Runtime/scripts/MetaXRAcousticMap.cs.
[Package Manager] Could not restore immutable package asset: Packages/com.unity.modules.imageconversion/baafb66e77db/Runtime/scripts/MetaXRAcousticMap.cs.
[Package Manager] Could not restore immutable package asset: Packages/com.unity.modules.imgui/baafb66e77db/Runtime/scripts/MetaXRAcousticMap.cs.
[Package Manager] Could not restore immutable package asset: Packages/com.unity.modules.jsonserialize/baafb66e77db/Runtime/scripts/MetaXRAcousticMap.cs.
[Package Manager] Could not restore immutable package asset: Packages/com.unity.modules.particlesystem/baafb66e77db/Runtime/scripts/MetaXRAcousticMap.cs.
[Package Manager] Could not restore immutable package asset: Packages/com.unity.modules.physics/baafb66e77db/Runtime/scripts/MetaXRAcousticMap.cs.
[Package Manager] Could not restore immutable package asset: Packages/com.unity.modules.physics2d/baafb66e77db/Runtime/scripts/MetaXRAcousticMap.cs.
[Package Manager] Could not restore immutable package asset: Packages/com.unity.modules.physicscore2d/baafb66e77db/Runtime/scripts/MetaXRAcousticMap.cs.
[Package Manager] Could not restore immutable package asset: Packages/com.unity.modules.screencapture/baafb66e77db/Runtime/scripts/MetaXRAcousticMap.cs.
[Package Manager] Could not restore immutable package asset: Packages/com.unity.modules.terrain/baafb66e77db/Runtime/scripts/MetaXRAcousticMap.cs.
[Package Manager] Could not restore immutable package asset: Packages/com.unity.modules.terrainphysics/baafb66e77db/Runtime/scripts/MetaXRAcousticMap.cs.
[Package Manager] Could not restore immutable package asset: Packages/com.unity.modules.tetgen/baafb66e77db/Runtime/scripts/MetaXRAcousticMap.cs.
[Package Manager] Could not restore immutable package asset: Packages/com.unity.modules.tilemap/baafb66e77db/Runtime/scripts/MetaXRAcousticMap.cs.
[Package Manager] Could not restore immutable package asset: Packages/com.unity.modules.timelinefoundation/baafb66e77db/Runtime/scripts/MetaXRAcousticMap.cs.
[Package Manager] Could not restore immutable package asset: Packages/com.unity.modules.ui/baafb66e77db/Runtime/scripts/MetaXRAcousticMap.cs.
[Package Manager] Could not restore immutable package asset: Packages/com.unity.modules.uielements/baafb66e77db/Runtime/scripts/MetaXRAcousticMap.cs.
[Package Manager] Could not restore immutable package asset: Packages/com.unity.modules.umbra/baafb66e77db/Runtime/scripts/MetaXRAcousticMap.cs.
[Package Manager] Could not restore immutable package asset: Packages/com.unity.modules.unityanalytics/baafb66e77db/Runtime/scripts/MetaXRAcousticMap.cs.
[Package Manager] Could not restore immutable package asset: Packages/com.unity.modules.unitywebrequest/baafb66e77db/Runtime/scripts/MetaXRAcousticMap.cs.
[Package Manager] Could not restore immutable package asset: Packages/com.unity.modules.unitywebrequestassetbundle/baafb66e77db/Runtime/scripts/MetaXRAcousticMap.cs.
[Package Manager] Could not restore immutable package asset: Packages/com.unity.modules.unitywebrequestaudio/baafb66e77db/Runtime/scripts/MetaXRAcousticMap.cs.
[Package Manager] Could not restore immutable package asset: Packages/com.unity.modules.unitywebrequesttexture/baafb66e77db/Runtime/scripts/MetaXRAcousticMap.cs.
[Package Manager] Could not restore immutable package asset: Packages/com.unity.modules.unitywebrequestwww/baafb66e77db/Runtime/scripts/MetaXRAcousticMap.cs.
[Package Manager] Could not restore immutable package asset: Packages/com.unity.modules.vectorgraphics/baafb66e77db/Runtime/scripts/MetaXRAcousticMap.cs.
[Package Manager] Could not restore immutable package asset: Packages/com.unity.modules.vehicles/baafb66e77db/Runtime/scripts/MetaXRAcousticMap.cs.
[Package Manager] Could not restore immutable package asset: Packages/com.unity.modules.video/baafb66e77db/Runtime/scripts/MetaXRAcousticMap.cs.
[Package Manager] Could not restore immutable package asset: Packages/com.unity.modules.wind/baafb66e77db/Runtime/scripts/MetaXRAcousticMap.cs.
[Package Manager] Could not restore immutable package asset: Packages/com.unity.modules.xr/baafb66e77db/Runtime/scripts/MetaXRAcousticMap.cs.
[Package Manager] Could not restore immutable package asset: Packages/com.unity.modules.subsystems/baafb66e77db/Runtime/scripts/MetaXRAcousticMap.cs.
[Package Manager] Could not restore immutable package asset: Packages/com.unity.modules.hierarchycore/baafb66e77db/Runtime/scripts/MetaXRAcousticMap.cs.
[Package Manager] Could not restore immutable package asset: Packages/com.meta.xr.sdk.audio/Runtime/scripts/MetaXRAcousticMap.cs.
[Package Manager] Done registering packages in 0.01 seconds
Starting: /Applications/Unity/Hub/Editor/6000.6.2f1/Unity.app/Contents/Resources/BuildPipeline/bee_backend --ipc --defer-dag-verification --dagfile="Library/Bee/1300b0aE.dag" --continue-on-failure --profile="Library/Bee/backend1.traceevents" ScriptAssemblies
WorkingDir: /Users/yanzhenchen/Desktop/GitHub Projects/HTN2026/SpatialDebugger/Unity
DisplayProgressbar: Compiling Scripts
Starting: /Applications/Unity/Hub/Editor/6000.6.2f1/Unity.app/Contents/Resources/Scripting/DotNetSdk/dotnet "/Applications/Unity/Hub/Editor/6000.6.2f1/Unity.app/Contents/Resources/BuildPipeline/ScriptCompilationBuildProgram.exe" "Library/Bee/1300b0aE.dag.json" "Library/Bee/1300b0aE-inputdata.json" "Library/Bee/buildprogram0.traceevents"
WorkingDir: /Users/yanzhenchen/Desktop/GitHub Projects/HTN2026/SpatialDebugger/Unity
ExitCode: 4 Duration: 0s344ms
Rebuilding DAG because FileSignature timestamp changed: Library/Bee/1300b0aE-inputdata.json
*** Tundra requires additional run (0.33 seconds), 0 items updated, 48 evaluated
ExitCode: 0 Duration: 2s122ms
Starting: /Applications/Unity/Hub/Editor/6000.6.2f1/Unity.app/Contents/Resources/BuildPipeline/bee_backend --ipc --defer-dag-verification --dagfile="Library/Bee/1300b0aE.dag" --continue-on-failure --dagfilejson="Library/Bee/1300b0aE.dag.json" --profile="Library/Bee/backend2.traceevents" ScriptAssemblies
WorkingDir: /Users/yanzhenchen/Desktop/GitHub Projects/HTN2026/SpatialDebugger/Unity
warn: Unity.ILPP.Runner.PostProcessingAssemblyLoadContext[0]
      Assembly system.runtime.interopservices.windowsruntime has duplicate hint path. Ignoring "/Applications/Unity/Hub/Editor/6000.6.2f1/Unity.app/Contents/Resources/Scripting/NetStandard/Extensions/2.0.0/System.Runtime.InteropServices.WindowsRuntime.dll" in favor of "/Applications/Unity/Hub/Editor/6000.6.2f1/Unity.app/Contents/Resources/Scripting/UnityReferenceAssemblies/unity-4.8-api/Facades/System.Runtime.InteropServices.WindowsRuntime.dll"
warn: Unity.ILPP.Runner.PostProcessingAssemblyLoadContext[0]
      Assembly system.componentmodel.composition has duplicate hint path. Ignoring "/Applications/Unity/Hub/Editor/6000.6.2f1/Unity.app/Contents/Resources/Scripting/NetStandard/compat/2.1.0/shims/netfx/System.ComponentModel.Composition.dll" in favor of "/Applications/Unity/Hub/Editor/6000.6.2f1/Unity.app/Contents/Resources/Scripting/UnityReferenceAssemblies/unity-4.8-api/System.ComponentModel.Composition.dll"
ExitCode: 0 Duration: 0s839ms
Finished compiling graph: 2162 nodes, 65256 flattened edges (49426 ToBuild, 420 ToUse), maximum node priority 3773
[1540/2159  0s] ILPP-Configuration Library/ilpp-configuration.nevergeneratedoutput
*** Tundra build success (0.82 seconds), 1 items updated, 2159 evaluated
AssetDatabase: script compilation time: 4.433984s
Begin MonoManager ReloadAssembly
Total cache size 268357881
Total cache size after purge 268357881, took 00:00:00.2116508
Symbol file LoadedFromMemory is not a mono symbol file
Script 'CharacterController' has the same name as built-in Unity component.
AddComponent and GetComponent will not work with this script.
'Packages/com.meta.xr.sdk.core/Editor/BuildingBlocks/BlocksWindowDetailsExtension.cs' contains partial class of Unity.Object, exactly 1 of the partial classes needs to be in a file with the same filename. This is to know the one that can be referenced from ie. GameObjects
'Packages/com.unity.render-pipelines.core/Editor/Deprecated.cs' contains partial class of Unity.Object, exactly 1 of the partial classes needs to be in a file with the same filename. This is to know the one that can be referenced from ie. GameObjects
'Packages/com.unity.render-pipelines.core/Editor/Deprecated.cs' contains partial class of Unity.Object, exactly 1 of the partial classes needs to be in a file with the same filename. This is to know the one that can be referenced from ie. GameObjects
'Packages/com.meta.xr.sdk.core/Editor/RuntimeOptimizer/RuntimeOptimizer.cs' contains partial class of Unity.Object, exactly 1 of the partial classes needs to be in a file with the same filename. This is to know the one that can be referenced from ie. GameObjects
'Packages/com.meta.xr.sdk.core/Editor/BuildingBlocks/BlocksWindow.cs' contains partial class of Unity.Object, exactly 1 of the partial classes needs to be in a file with the same filename. This is to know the one that can be referenced from ie. GameObjects
'Packages/com.meta.xr.sdk.core/Editor/BuildingBlocks/BlocksWindowCollectionsPageExtension.cs' contains partial class of Unity.Object, exactly 1 of the partial classes needs to be in a file with the same filename. This is to know the one that can be referenced from ie. GameObjects
'Packages/com.meta.xr.sdk.core/Editor/RuntimeOptimizer/RuntimeOptimizerNetworking.cs' contains partial class of Unity.Object, exactly 1 of the partial classes needs to be in a file with the same filename. This is to know the one that can be referenced from ie. GameObjects
'Packages/com.meta.xr.sdk.core/Editor/RuntimeOptimizer/RuntimeOptimizerStyles.cs' contains partial class of Unity.Object, exactly 1 of the partial classes needs to be in a file with the same filename. This is to know the one that can be referenced from ie. GameObjects
Refreshing native plugins compatible for Editor in 15.23 ms, found 18 plugins.
Native extension for OSXStandalone target not found
Native extension for WebGL target not found
Native extension for Android target not found
Refreshing native plugins compatible for Editor in 3.62 ms, found 18 plugins.
I0919 22:54:20.354371 4939901 OVRTelemetry.cpp:57] Telemetry_Init: calling startSession with engineName=Unity, pluginVersion=1.205.0
* daemon not running; starting now at tcp:5037
* daemon started successfully
I0919 22:54:23.560554 4939901 OVRTelemetry.cpp:61] Telemetry_Init: startSession completed successfully
2026-09-19 22:54:23.659 mdfind[31481:4940549] [UserQueryParser] Loading keywords and predicates for locale "en_CA"
Start HTTP server: port:7800
ScheduleIndexationOnStartup MainProcess:True IndexOnStartup:True
Scripting: successfully reloaded assembly
- Finished resetting the current domain, in  4.269 seconds
Domain Reload Profiling: 4919ms
	BeginReloadAssembly (103ms)
		DisableScriptedObjects (10ms)
		CreateAndSetChildDomain (32ms)
	RebuildCommonClasses (4ms)
	RebuildNativeTypeToScriptingClass (8ms)
	initialDomainReloadingComplete (39ms)
	LoadAllAssembliesAndSetupDomain (495ms)
		LoadAssemblies (203ms)
		TypeCache.Refresh (179ms)
			TypeCache.ScanAssembly (161ms)
		AnalyzeDomain (60ms)
			BuildScriptInfoCaches (54ms)
			ResolveRequiredComponents (4ms)
	FinalizeReload (4269ms)
		SetupLoadedEditorAssemblies (0ms)
			InitializePlatformSupportModulesInManaged (3ms)
			BeforeProcessingInitializeOnLoad (46ms)
			ProcessInitializeOnLoadAttributes (3941ms)
			ProcessInitializeOnLoadMethodAttributes (56ms)
		AwakeInstancesAfterBackupRestoration (9ms)
[OVRPlugin][INFO] UnityPluginLoad called

Launching external process: /Applications/Unity/Hub/Editor/6000.6.2f1/Unity.app/Contents/Helpers/UnityShaderCompiler
Starting new worker id: 0 with log in /Users/yanzhenchen/Desktop/GitHub Projects/HTN2026/SpatialDebugger/Unity/Logs/AssetImportWorkerHW0.log
Importing 'GUID: d19f4f8a13b6edb48b986a47ec96402e - Path: Packages/com.unity.render-pipelines.core/Runtime/PathTracing/Shaders/LightmapShadowMaskIntegration.urtshader' with importer (ScriptedImporter : Unity.Rendering.LightTransport.Editor:UnityEditor.Rendering.UnifiedRayTracing:UnifiedRTShaderImporter)
Launched and connected shader compiler UnityShaderCompiler after 0.14 seconds
Imported 'GUID: d19f4f8a13b6edb48b986a47ec96402e' -> (Import Result ID: 'cbf8be7007006a3d3cec3e6ef82d7278') in 0.206 seconds [static and dynamic dependencies]. Details - ImportResultOutputID=35724f5da523fdc0b72fb48c07a08e60 DependenciesID=d662e5015be6ffa6d7d7a8f01b094ebb StaticDependenciesID=9fd4e9b2e1ad89e7cbffc601eff4d03f 
Importing 'GUID: 737a1597422c12547a8714d76a9406ec - Path: Packages/com.unity.render-pipelines.core/Runtime/PathTracing/Shaders/LightmapGBufferDebug.urtshader' with importer (ScriptedImporter : Unity.Rendering.LightTransport.Editor:UnityEditor.Rendering.UnifiedRayTracing:UnifiedRTShaderImporter)
Imported 'GUID: 737a1597422c12547a8714d76a9406ec' -> (Import Result ID: 'b254e3a1e7a56f3147538c95aba6c6a9') in 0.004 seconds [static and dynamic dependencies]. Details - ImportResultOutputID=c19217defd2885cf7ac78e4bad1df09d DependenciesID=694146ee6775c47da87bf04fe328ab8b StaticDependenciesID=b513b01e29d0aa4d28825e4d4fb57fb4 
Importing 'GUID: f32463968f29423cad25aee15a14b9f1 - Path: Packages/com.unity.render-pipelines.core/Runtime/Lighting/SurfaceCache/PunctualLightSampling.urtshader' with importer (ScriptedImporter : Unity.Rendering.LightTransport.Editor:UnityEditor.Rendering.UnifiedRayTracing:UnifiedRTShaderImporter)
Imported 'GUID: f32463968f29423cad25aee15a14b9f1' -> (Import Result ID: 'cc1b175c0b2f6a4a9a1ca2241c34bfc9') in 0.009 seconds [static and dynamic dependencies]. Details - ImportResultOutputID=ac6cb040f730a46ce13794e439ed1139 DependenciesID=2bba43787cc48ef0c848f7c9e233ea1d StaticDependenciesID=b63d74c4e924df89cb98a36e44fc1845 
Importing 'GUID: 1451d029813b192429211be28181beab - Path: Packages/com.unity.render-pipelines.core/Runtime/PathTracing/Shaders/LightmapNormalIntegration.urtshader' with importer (ScriptedImporter : Unity.Rendering.LightTransport.Editor:UnityEditor.Rendering.UnifiedRayTracing:UnifiedRTShaderImporter)
Imported 'GUID: 1451d029813b192429211be28181beab' -> (Import Result ID: '8b573f2c924ee11974cb590bd69f7833') in 0.004 seconds [static and dynamic dependencies]. Details - ImportResultOutputID=5cccd9c9e23b53b1c89c38b3615808ee DependenciesID=4758410c1b423dbe250b1bc41b92c39d StaticDependenciesID=5afd8eadeec03e368f74c3a5603c453d 
Importing 'GUID: 94a070d33e408384bafc1dea4a565df9 - Path: Packages/com.unity.render-pipelines.core/Editor/Lighting/ProbeVolume/RenderingLayerMask/TraceRenderingLayerMask.urtshader' with importer (ScriptedImporter : Unity.Rendering.LightTransport.Editor:UnityEditor.Rendering.UnifiedRayTracing:UnifiedRTShaderImporter)
Imported 'GUID: 94a070d33e408384bafc1dea4a565df9' -> (Import Result ID: 'd148ec0756150cc09e95fed8f3075745') in 0.003 seconds [static and dynamic dependencies]. Details - ImportResultOutputID=2462a4a46a0f426d80fac6f1a6c06d8b DependenciesID=aaf9cd7e358363aa0bb02e057b724a37 StaticDependenciesID=25a592d065c9c4788553066128367c57 
Importing 'GUID: 94a39d12848d8d64ca962a72b74e7c50 - Path: Packages/com.unity.render-pipelines.core/Runtime/Lighting/SurfaceCache/Estimation.urtshader' with importer (ScriptedImporter : Unity.Rendering.LightTransport.Editor:UnityEditor.Rendering.UnifiedRayTracing:UnifiedRTShaderImporter)
Imported 'GUID: 94a39d12848d8d64ca962a72b74e7c50' -> (Import Result ID: 'c78c5b9b1bafbeec520b6bfdcc6a50d5') in 0.003 seconds [static and dynamic dependencies]. Details - ImportResultOutputID=efd6a3d85dfbb52b6ce1d778bf9af5b4 DependenciesID=433a4558f6a86e6905943e6c31b429c1 StaticDependenciesID=ffb0a11028fb7b99287455d15347e1d8 
Importing 'GUID: f5ba4d424d4566249b3d94cf81a3e916 - Path: Packages/com.unity.render-pipelines.core/Runtime/PathTracing/Shaders/LightmapDirectDirectionalAndEnvironmentIntegration.urtshader' with importer (ScriptedImporter : Unity.Rendering.LightTransport.Editor:UnityEditor.Rendering.UnifiedRayTracing:UnifiedRTShaderImporter)
Imported 'GUID: f5ba4d424d4566249b3d94cf81a3e916' -> (Import Result ID: '4f70bb77e7a943ad28415874f7159e0e') in 0.003 seconds [static and dynamic dependencies]. Details - ImportResultOutputID=fb5e73d1f02b635062da96df70357db0 DependenciesID=de87bbe19edad25fce29cf44e0908b71 StaticDependenciesID=d4bdfd2147f181839dcd88d16b4cc45b 
Importing 'GUID: 7624adbeb148b5c48ab5ab660cc2602a - Path: Packages/com.unity.render-pipelines.core/Runtime/PathTracing/Shaders/LightmapIndirectIntegration.urtshader' with importer (ScriptedImporter : Unity.Rendering.LightTransport.Editor:UnityEditor.Rendering.UnifiedRayTracing:UnifiedRTShaderImporter)
Imported 'GUID: 7624adbeb148b5c48ab5ab660cc2602a' -> (Import Result ID: '93bb2f42f0a52786599931042a18becc') in 0.004 seconds [static and dynamic dependencies]. Details - ImportResultOutputID=00bffcfde03e10f31e63ffc15aa50efa DependenciesID=36ab595469716eb1dc2d04caa188b453 StaticDependenciesID=637eaa30376abb268136eb146f59c034 
Importing 'GUID: 5951703b3d165764c95c653e98350884 - Path: Packages/com.unity.render-pipelines.core/Runtime/PathTracing/Shaders/LightmapDirectBRDFIntegration.urtshader' with importer (ScriptedImporter : Unity.Rendering.LightTransport.Editor:UnityEditor.Rendering.UnifiedRayTracing:UnifiedRTShaderImporter)
Imported 'GUID: 5951703b3d165764c95c653e98350884' -> (Import Result ID: '54a72b94db96c7dc173f12292fc7a424') in 0.003 seconds [static and dynamic dependencies]. Details - ImportResultOutputID=0637ddbe2d6c55503d433362daf52520 DependenciesID=6fb0f1cb7be1978dead4964307cf4f16 StaticDependenciesID=059ad849da4bff5dcc29e3cff7813344 
Importing 'GUID: 99ac6221b6ecd7b479be13e8b9866300 - Path: Packages/com.unity.render-pipelines.core/Tests/Editor/PathTracing/Shaders/TerrainRayMarchingTest.urtshader' with importer (ScriptedImporter : Unity.Rendering.LightTransport.Editor:UnityEditor.Rendering.UnifiedRayTracing:UnifiedRTShaderImporter)
Imported 'GUID: 99ac6221b6ecd7b479be13e8b9866300' -> (Import Result ID: '8db0d123e07fd9c6c98d5c56763c414c') in 0.005 seconds [static and dynamic dependencies]. Details - ImportResultOutputID=4629542d29cbe89e7bb7fa0086b90b2b DependenciesID=a2fbc9bcf7a54ac0eae4ba9796ad812a StaticDependenciesID=dc53200b7c0c8c0e6f9de4f99348b559 
Importing 'GUID: e9f4de6d1e07fb94f9a60d35b618f724 - Path: Packages/com.unity.render-pipelines.core/Runtime/PathTracing/Shaders/LightmapGBufferIntegration.urtshader' with importer (ScriptedImporter : Unity.Rendering.LightTransport.Editor:UnityEditor.Rendering.UnifiedRayTracing:UnifiedRTShaderImporter)
Imported 'GUID: e9f4de6d1e07fb94f9a60d35b618f724' -> (Import Result ID: '5e816518a3a0539b37f36fe6d094e3ff') in 0.004 seconds [static and dynamic dependencies]. Details - ImportResultOutputID=9bf82d8ba8e033920b1771c5d95cd594 DependenciesID=13ae5c44622c2aec5cfe5f486991751e StaticDependenciesID=3c625e26646b7228663e0de2b2c1d69b 
Importing 'GUID: 5a2a534753fbdb44e96c3c78b5a6999d - Path: Packages/com.unity.render-pipelines.core/Editor/Lighting/ProbeVolume/DynamicGI/DynamicGISkyOcclusion.urtshader' with importer (ScriptedImporter : Unity.Rendering.LightTransport.Editor:UnityEditor.Rendering.UnifiedRayTracing:UnifiedRTShaderImporter)
Imported 'GUID: 5a2a534753fbdb44e96c3c78b5a6999d' -> (Import Result ID: '1639bdf7333680cee203163381470292') in 0.003 seconds [static and dynamic dependencies]. Details - ImportResultOutputID=d11803207e50bcd17494deda286603a1 DependenciesID=94fb74c38c8215303983e8e831c382d6 StaticDependenciesID=72ee5fda06862b709c15f6cbb7db6f05 
Importing 'GUID: 5bbebdef5916845478fcef13fa10d89f - Path: Packages/com.unity.render-pipelines.core/Runtime/PathTracing/Shaders/LightmapDirectStochasticLightIntegration.urtshader' with importer (ScriptedImporter : Unity.Rendering.LightTransport.Editor:UnityEditor.Rendering.UnifiedRayTracing:UnifiedRTShaderImporter)
Imported 'GUID: 5bbebdef5916845478fcef13fa10d89f' -> (Import Result ID: '357d84df2bf0ae5955b2e7508514f9d4') in 0.004 seconds [static and dynamic dependencies]. Details - ImportResultOutputID=c45cac98f90b8d7695fae8d349877b30 DependenciesID=b816c88f9c03f720c9b74f9b1f8f4302 StaticDependenciesID=471ca71b6b19c4611a46691a7356c8a6 
Importing 'GUID: 1c410815c01ce1d4d82c645c0cd45747 - Path: Packages/com.unity.render-pipelines.core/Runtime/PathTracing/Shaders/LightmapAOIntegration.urtshader' with importer (ScriptedImporter : Unity.Rendering.LightTransport.Editor:UnityEditor.Rendering.UnifiedRayTracing:UnifiedRTShaderImporter)
Imported 'GUID: 1c410815c01ce1d4d82c645c0cd45747' -> (Import Result ID: '7139fa5aadae3c70974cba2735d8c91a') in 0.003 seconds [static and dynamic dependencies]. Details - ImportResultOutputID=273bcc3383121e33c9dcf95fdc504bf5 DependenciesID=937e2117af8dd951464c793ef9b67748 StaticDependenciesID=219d1b7269d01f2442d424f53e04d073 
Importing 'GUID: 2c32233d92a2d0745930664c087c5c9a - Path: Packages/com.unity.render-pipelines.core/Runtime/PathTracing/Shaders/ProbeIntegrationValidity.urtshader' with importer (ScriptedImporter : Unity.Rendering.LightTransport.Editor:UnityEditor.Rendering.UnifiedRayTracing:UnifiedRTShaderImporter)
Imported 'GUID: 2c32233d92a2d0745930664c087c5c9a' -> (Import Result ID: '974ada09e0efcb23dc613223a03f8095') in 0.003 seconds [static and dynamic dependencies]. Details - ImportResultOutputID=740f497491b87647e717a97cbc759244 DependenciesID=1fdbe87bd2413255a2e981959536510f StaticDependenciesID=89ce6b5e76d568c473e42bb2e82d857d 
Importing 'GUID: ace95ac84e213794891b4bd7c9b3c158 - Path: Packages/com.unity.render-pipelines.core/Runtime/PathTracing/Shaders/LightmapValidityIntegration.urtshader' with importer (ScriptedImporter : Unity.Rendering.LightTransport.Editor:UnityEditor.Rendering.UnifiedRayTracing:UnifiedRTShaderImporter)
Imported 'GUID: ace95ac84e213794891b4bd7c9b3c158' -> (Import Result ID: 'a47f7bd2e7981c6fab612161d3b85de9') in 0.004 seconds [static and dynamic dependencies]. Details - ImportResultOutputID=3ae1206fc069613217dbd0eb5ba7fc8f DependenciesID=6a894c0a78a9197941bbea6c9ddd5cc8 StaticDependenciesID=af3a8789fbe725883be9c99ebb7cf5e2 
Importing 'GUID: 5ecdabd800f05984696f22ba95284516 - Path: Packages/com.unity.render-pipelines.core/Runtime/PathTracing/Shaders/ProbeIntegrationIndirect.urtshader' with importer (ScriptedImporter : Unity.Rendering.LightTransport.Editor:UnityEditor.Rendering.UnifiedRayTracing:UnifiedRTShaderImporter)
Imported 'GUID: 5ecdabd800f05984696f22ba95284516' -> (Import Result ID: '76c5c1f65c03ebccabb4ae2a0a9e9056') in 0.003 seconds [static and dynamic dependencies]. Details - ImportResultOutputID=0cd071ba21750310309687e2e6faf711 DependenciesID=afa4b4aa26e174c35d6c047abc4620df StaticDependenciesID=1ad901001e2e557153e1de5753d25220 
Importing 'GUID: 6e0b547bab30a804c8123974120d583f - Path: Packages/com.unity.render-pipelines.core/Tests/Runtime/PathTracing/PathIteratorTest.urtshader' with importer (ScriptedImporter : Unity.Rendering.LightTransport.Editor:UnityEditor.Rendering.UnifiedRayTracing:UnifiedRTShaderImporter)
Imported 'GUID: 6e0b547bab30a804c8123974120d583f' -> (Import Result ID: '42152169f9cdc4a1514d4d774859855a') in 0.004 seconds [static and dynamic dependencies]. Details - ImportResultOutputID=086a95f7c3606a02577127e2b9602118 DependenciesID=2bb30cba0ee49dde42d16545327c698b StaticDependenciesID=e24ea404bb4dabe55ffbcaa7b840b299 
Importing 'GUID: de3013e16d99f2746ab1735ec06a660b - Path: Packages/com.unity.render-pipelines.core/Runtime/PathTracing/Shaders/ProbeIntegrationOcclusion.urtshader' with importer (ScriptedImporter : Unity.Rendering.LightTransport.Editor:UnityEditor.Rendering.UnifiedRayTracing:UnifiedRTShaderImporter)
Imported 'GUID: de3013e16d99f2746ab1735ec06a660b' -> (Import Result ID: '0e7ff0f1c8b743e1e2d2438aa28fa09b') in 0.003 seconds [static and dynamic dependencies]. Details - ImportResultOutputID=5431259a379bcf64dcdf9e541067393a DependenciesID=aed262953c5775e55d5320e4ad562296 StaticDependenciesID=d23a0c4a2896e547ad436f2fd232bb27 
Importing 'GUID: fe7f1a959d1d3f544a208b7e8805e6cd - Path: Packages/com.unity.render-pipelines.core/Runtime/PathTracing/Shaders/ProbeIntegrationDirectDirectionalAndEnvironment.urtshader' with importer (ScriptedImporter : Unity.Rendering.LightTransport.Editor:UnityEditor.Rendering.UnifiedRayTracing:UnifiedRTShaderImporter)
Imported 'GUID: fe7f1a959d1d3f544a208b7e8805e6cd' -> (Import Result ID: '98fc21930c7e188785bf10855f664c6a') in 0.003 seconds [static and dynamic dependencies]. Details - ImportResultOutputID=5f2959446ead2aacf8b970382e7ece89 DependenciesID=a8fb717f0453ca3db2beaad9bfa76f48 StaticDependenciesID=b8525778ccd6bf87644fae631483c773 
Importing 'GUID: 1f9bfe60b4ad75943a5281839c1a4e5c - Path: Packages/com.unity.render-pipelines.core/Runtime/PathTracing/Shaders/ProbeIntegrationDirectStochasticLight.urtshader' with importer (ScriptedImporter : Unity.Rendering.LightTransport.Editor:UnityEditor.Rendering.UnifiedRayTracing:UnifiedRTShaderImporter)
Imported 'GUID: 1f9bfe60b4ad75943a5281839c1a4e5c' -> (Import Result ID: '8651fe6333c0208fb1916808c63204f8') in 0.004 seconds [static and dynamic dependencies]. Details - ImportResultOutputID=8a2316c163eb8dd7ca3865c892ee0d57 DependenciesID=d8946cc38af73467dc4b7be7840a7675 StaticDependenciesID=bb23e9aed0fe8778db1283cad6c57003 
Importing 'GUID: ff2cbab5da58bf04d82c5f34037ed123 - Path: Packages/com.unity.render-pipelines.core/Editor/Lighting/ProbeVolume/VirtualOffset/TraceVirtualOffset.urtshader' with importer (ScriptedImporter : Unity.Rendering.LightTransport.Editor:UnityEditor.Rendering.UnifiedRayTracing:UnifiedRTShaderImporter)
Imported 'GUID: ff2cbab5da58bf04d82c5f34037ed123' -> (Import Result ID: 'f5f465a9e734854c3f19c637b518f424') in 0.003 seconds [static and dynamic dependencies]. Details - ImportResultOutputID=1aa97657b664660cbf205eb7f31fa55d DependenciesID=1ca4824a0e64ab43a7ceb3914f1cf1fd StaticDependenciesID=577fb2ca56f9c9cef1dba593cc7f61b6 
Refreshing native plugins compatible for Editor in 3.12 ms, found 18 plugins.

Asset Pipeline Refresh (id=f11c980ff6aec4222b1ccf271b481c39): Total: 11.539 seconds - Initiated by InitialRefreshV2(ForceSynchronousImport)
	(Values over 0.05ms)
	Summary:
		Imports: total=22 (actual=22, local cache=0, cache server=0)
		Asset DB Process Time: managed=1 ms, native=5656 ms
		Asset DB Callback time: managed=667 ms, native=44 ms
		Scripting: domain reloads=1, domain reload time=679 ms, compile time=4435 ms, other=53 ms
		Project Asset Count: scripts=3136, non-scripts=4636
		Asset File Changes: new=0, changed=0, moved=0, deleted=0
		Scan Filter Count: 1
	InvokePackagesCallback: 10.581ms
	ApplyChangesToAssetFolders: 0.255ms
	Scan: 669.516ms
	Collect global state as custom dependencies: 8.306ms
	CategorizeScriptCompilationAssets: 86.993ms
	ProcessAssetsWithTransientArtifactChanges: 65.975ms
	CategorizeAssets: 71.141ms
	CompileScripts: 4435.072ms
	ImportOutOfDateAssets: 4592.792ms (4295.565ms without children)
		ImportManagerImport: 293.213ms (1.184ms without children)
			UpdateCategorizedAssets: 1.280ms
		ReloadNativeAssets: 0.053ms
		UnloadImportedAssets: 1.531ms
		ReloadImportedAssets: 0.272ms
		EnsureUptoDateAssetsAreRegisteredWithGuidPM: 0.877ms
		ImportSchedulerStart: 1.544ms
	PostProcessAllAssets: 696.190ms
		RaytracingShaderImportPostprocess 13.687ms
		ComputeShaderImportPostprocess 13.406ms
		VCAutoAddAssetPostprocess 0.629ms
		XRBuildSystem.XRAssetImported 0.489ms
		MonoPostProcessAllAssets: 667.354ms
			AssetPostprocessor.OnPostprocessAllAssets 57.103ms
			AssetCallbacks.OnPostprocessAllAssets 10.810ms
			StyleCatalogPostProcessor.OnPostprocessAllAssets 10.380ms
			UniversalRenderPipelineGlobalSettingsPostprocessor.OnPostprocessAllAssets 7.098ms
			SyncVS.PostprocessSyncProject 4.541ms
			BuilderAssetPostprocessor.OnPostprocessAllAssets 3.293ms
			ShaderGraphAssetPostProcessor.OnPostprocessAllAssets 1.233ms
			AssetChangedListener.OnPostprocessAllAssets 0.851ms
			WindowAssetPostprocessingWatcher.OnPostprocessAllAssets 0.763ms
			SpeedTree9Postprocessor.OnPostprocessAllAssets 0.759ms
			RetainedModeAssetPostprocessor.OnPostprocessAllAssets 0.622ms
			MaterialPostprocessor.OnPostprocessAllAssets 0.404ms
			EditModeScopePostprocessor.OnPostprocessAllAssets 0.395ms
			RenderPipelineGlobalSettingsPostprocessor.OnPostprocessAllAssets 0.295ms
			AssetPostProcessor.OnPostprocessAllAssets 0.266ms
			InputActionAssetPostprocessor.OnPostprocessAllAssets 0.263ms
			PostProcessor.OnPostprocessAllAssets 0.246ms
			ArtifactBrowserPostProcessor.OnPostprocessAllAssets 0.226ms
			ShaderReflectionAssetPostProcessor.OnPostprocessAllAssets 0.218ms
			InputActionJsonNameModifierAssetProcessor.OnPostprocessAllAssets 0.195ms
			TextAssetPostProcessor.OnPostprocessAllAssets 0.176ms
			UVCSAssetPostprocessor.OnPostprocessAllAssets 0.149ms
			AudioMixerPostprocessor.OnPostprocessAllAssets 0.135ms
			AssetEvents.OnPostprocessAllAssets 0.129ms
			ReferencedClipsPostProcessor.OnPostprocessAllAssets 0.125ms
			ProjectSettingsPostprocessor.OnPostprocessAllAssets 0.108ms
			TMPro_TexturePostProcessor.OnPostprocessAllAssets 0.103ms
			TerrainToolbarOverlayPostProcessor.OnPostprocessAllAssets 0.090ms
			SceneRenameHandler.OnPostprocessAllAssets 0.079ms
			WitConfigurationPostprocessor.OnPostprocessAllAssets 0.075ms
			SpeedTreePostProcessor.OnPostprocessAllAssets 0.066ms
			AssetDatabaseCallbacks.OnPostprocessAllAssets 0.060ms
			ConfigAssetsTracker.OnPostprocessAllAssets 0.054ms
			ThemePostprocessor.OnPostprocessAllAssets 0.051ms
	PostAssetChangesProfiler: 5.901ms
	UnloadStreamsBegin: 2.480ms
	PersistCurrentRevisions: 0.247ms
	GenerateScriptTypeHashes: 6.001ms
	GenerateScriptTypeSerializationHashes: 9.782ms
	Untracked: 892.136ms

Application.AssetDatabase Initial Refresh End
Shader Hidden/ChartRasterizerHardware is not supported: GPU does not support conservative rasterization
Shader 'Meta/MRUK/Scene/HighlightsAndShadows': fallback shader 'Off' not found
Shader 'Oculus/OVRMRCameraFrameLit': fallback shader 'Alpha-Diffuse' not found
Shader Hidden/ChartRasterizerHardware is not supported: GPU does not support conservative rasterization
Scanning for USB devices : 0.129ms
Initializing Unity extensions:
[MODES] ModeService[none].Initialize
[MODES] ModeService[none].LoadModes
[MODES] Loading mode Default (0) for mode-current-id-Unity
Worker ready: AssetImportWorkerHW0 0
[HRT] RulesProvider: loaded 4 remote rule(s) (schema v1).
UnityEngine.Debug:ExtractStackTraceNoAlloc (byte*,int,string)
UnityEngine.StackTraceUtility:ExtractStackTrace () (at /Users/bokken/build/output/unity/unity/Runtime/Export/Scripting/StackTrace.cs:23)
UnityEngine.DebugLogHandler:Internal_Log (UnityEngine.LogType,UnityEngine.LogOption,string,UnityEngine.Object)
UnityEngine.DebugLogHandler:LogFormat (UnityEngine.LogType,UnityEngine.Object,string,object[])
UnityEngine.Logger:Log (UnityEngine.LogType,object)
UnityEngine.Debug:Log (object)
Meta.HandReadinessTool.Editor.HandReadinessRulesProvider:EmitSuccess (int,int) (at ./Library/PackageCache/com.meta.xr.sdk.core@c0efcbf2ba70/Editor/HandReadinessTool/HandReadinessRulesProvider.cs:175)
Meta.HandReadinessTool.Editor.HandReadinessRulesProvider/<FetchAndSwap>d__11:MoveNext () (at ./Library/PackageCache/com.meta.xr.sdk.core@c0efcbf2ba70/Editor/HandReadinessTool/HandReadinessRulesProvider.cs:125)
System.Runtime.CompilerServices.AsyncMethodBuilderCore/MoveNextRunner:InvokeMoveNext (object)
System.Threading.ExecutionContext:RunInternal (System.Threading.ExecutionContext,System.Threading.ContextCallback,object,bool)
System.Threading.ExecutionContext:Run (System.Threading.ExecutionContext,System.Threading.ContextCallback,object,bool)
System.Runtime.CompilerServices.AsyncMethodBuilderCore/MoveNextRunner:Run ()
System.Threading.Tasks.AwaitTaskContinuation:InvokeAction (object)
System.Threading.Tasks.AwaitTaskContinuation:RunCallback (System.Threading.ContextCallback,object,System.Threading.Tasks.Task&)
System.Threading.Tasks.SynchronizationContextAwaitTaskContinuation:Run (System.Threading.Tasks.Task,bool)
System.Threading.Tasks.Task:FinishContinuations ()
System.Threading.Tasks.Task:FinishStageThree ()
System.Threading.Tasks.Task`1<Meta.XR.Editor.RemoteContent.DownloadResult`1<Meta.HandReadinessTool.Editor.HandReadinessRulesProvider/RulesPayload>>:TrySetResult (Meta.XR.Editor.RemoteContent.DownloadResult`1<Meta.HandReadinessTool.Editor.HandReadinessRulesProvider/RulesPayload>)
System.Runtime.CompilerServices.AsyncTaskMethodBuilder`1<Meta.XR.Editor.RemoteContent.DownloadResult`1<Meta.HandReadinessTool.Editor.HandReadinessRulesProvider/RulesPayload>>:SetResult (Meta.XR.Editor.RemoteContent.DownloadResult`1<Meta.HandReadinessTool.Editor.HandReadinessRulesProvider/RulesPayload>)
Meta.XR.Editor.UserInterface.RemoteJsonContent`1/<Create>d__1<Meta.HandReadinessTool.Editor.HandReadinessRulesProvider/RulesPayload>:MoveNext () (at ./Library/PackageCache/com.meta.xr.sdk.core@c0efcbf2ba70/Editor/Utils/UserInterface/RemoteJsonContent.cs:56)
System.Runtime.CompilerServices.AsyncMethodBuilderCore/MoveNextRunner:InvokeMoveNext (object)
System.Threading.ExecutionContext:RunInternal (System.Threading.ExecutionContext,System.Threading.ContextCallback,object,bool)
System.Threading.ExecutionContext:Run (System.Threading.ExecutionContext,System.Threading.ContextCallback,object,bool)
System.Runtime.CompilerServices.AsyncMethodBuilderCore/MoveNextRunner:Run ()
System.Threading.Tasks.AwaitTaskContinuation:InvokeAction (object)
System.Threading.Tasks.AwaitTaskContinuation:RunCallback (System.Threading.ContextCallback,object,System.Threading.Tasks.Task&)
System.Threading.Tasks.SynchronizationContextAwaitTaskContinuation:Run (System.Threading.Tasks.Task,bool)
System.Threading.Tasks.Task:FinishContinuations ()
System.Threading.Tasks.Task:FinishStageThree ()
System.Threading.Tasks.Task`1<Meta.XR.Editor.RemoteContent.DownloadResult`1<string>>:TrySetResult (Meta.XR.Editor.RemoteContent.DownloadResult`1<string>)
System.Runtime.CompilerServices.AsyncTaskMethodBuilder`1<Meta.XR.Editor.RemoteContent.DownloadResult`1<string>>:SetResult (Meta.XR.Editor.RemoteContent.DownloadResult`1<string>)
Meta.XR.Editor.RemoteContent.RemoteJsonContentDownloader/<Fetch>d__3:MoveNext () (at ./Library/PackageCache/com.meta.xr.sdk.core@c0efcbf2ba70/Editor/Utils/RemoteContent/RemoteContentDownloader.cs:374)
System.Runtime.CompilerServices.AsyncMethodBuilderCore/MoveNextRunner:InvokeMoveNext (object)
System.Threading.ExecutionContext:RunInternal (System.Threading.ExecutionContext,System.Threading.ContextCallback,object,bool)
System.Threading.ExecutionContext:Run (System.Threading.ExecutionContext,System.Threading.ContextCallback,object,bool)
System.Runtime.CompilerServices.AsyncMethodBuilderCore/MoveNextRunner:Run ()
System.Threading.Tasks.AwaitTaskContinuation:InvokeAction (object)
System.Threading.Tasks.AwaitTaskContinuation:RunCallback (System.Threading.ContextCallback,object,System.Threading.Tasks.Task&)
System.Threading.Tasks.SynchronizationContextAwaitTaskContinuation:Run (System.Threading.Tasks.Task,bool)
System.Threading.Tasks.Task:FinishContinuations ()
System.Threading.Tasks.Task:FinishStageThree ()
System.Threading.Tasks.Task`1<Meta.XR.Editor.RemoteContent.DownloadResult`1<string>>:TrySetResult (Meta.XR.Editor.RemoteContent.DownloadResult`1<string>)
System.Runtime.CompilerServices.AsyncTaskMethodBuilder`1<Meta.XR.Editor.RemoteContent.DownloadResult`1<string>>:SetResult (Meta.XR.Editor.RemoteContent.DownloadResult`1<string>)
Meta.XR.Editor.RemoteContent.RemoteContentDownloader`1/<Fetch>d__31`1<Meta.XR.Editor.RemoteContent.RemoteJsonContentDownloader, string>:MoveNext () (at ./Library/PackageCache/com.meta.xr.sdk.core@c0efcbf2ba70/Editor/Utils/RemoteContent/RemoteContentDownloader.cs:309)
System.Runtime.CompilerServices.AsyncMethodBuilderCore/MoveNextRunner:InvokeMoveNext (object)
System.Threading.ExecutionContext:RunInternal (System.Threading.ExecutionContext,System.Threading.ContextCallback,object,bool)
System.Threading.ExecutionContext:Run (System.Threading.ExecutionContext,System.Threading.ContextCallback,object,bool)
System.Runtime.CompilerServices.AsyncMethodBuilderCore/MoveNextRunner:Run ()
System.Threading.Tasks.AwaitTaskContinuation:InvokeAction (object)
System.Threading.Tasks.AwaitTaskContinuation:RunCallback (System.Threading.ContextCallback,object,System.Threading.Tasks.Task&)
System.Threading.Tasks.SynchronizationContextAwaitTaskContinuation:Run (System.Threading.Tasks.Task,bool)
System.Threading.Tasks.Task:FinishContinuations ()
System.Threading.Tasks.Task:FinishStageThree ()
System.Threading.Tasks.Task`1<string>:TrySetResult (string)
System.Runtime.CompilerServices.AsyncTaskMethodBuilder`1<string>:SetResult (string)
Meta.XR.Editor.RemoteContent.RemoteJsonContentDownloader/<ReadFromCache>d__5`1<string>:MoveNext () (at ./Library/PackageCache/com.meta.xr.sdk.core@c0efcbf2ba70/Editor/Utils/RemoteContent/RemoteContentDownloader.cs:401)
System.Runtime.CompilerServices.AsyncMethodBuilderCore/MoveNextRunner:InvokeMoveNext (object)
System.Threading.ExecutionContext:RunInternal (System.Threading.ExecutionContext,System.Threading.ContextCallback,object,bool)
System.Threading.ExecutionContext:Run (System.Threading.ExecutionContext,System.Threading.ContextCallback,object,bool)
System.Runtime.CompilerServices.AsyncMethodBuilderCore/MoveNextRunner:Run ()
System.Threading.Tasks.SynchronizationContextAwaitTaskContinuation/<>c:<.cctor>b__7_0 (object)
UnityEngine.UnitySynchronizationContext/WorkRequest:Invoke () (at /Users/bokken/build/output/unity/unity/Runtime/Export/Scripting/UnitySynchronizationContext.cs:156)
UnityEngine.UnitySynchronizationContext:Exec () (at /Users/bokken/build/output/unity/unity/Runtime/Export/Scripting/UnitySynchronizationContext.cs:84)
UnityEngine.UnitySynchronizationContext:ExecuteTasks () (at /Users/bokken/build/output/unity/unity/Runtime/Export/Scripting/UnitySynchronizationContext.cs:110)

(Filename: ./Library/PackageCache/com.meta.xr.sdk.core@c0efcbf2ba70/Editor/HandReadinessTool/HandReadinessRulesProvider.cs Line: 175)

[HRT] PromptProvider: loaded remote prompt (systemPrompt=4925c, references=2, schema v1).
UnityEngine.Debug:ExtractStackTraceNoAlloc (byte*,int,string)
UnityEngine.StackTraceUtility:ExtractStackTrace () (at /Users/bokken/build/output/unity/unity/Runtime/Export/Scripting/StackTrace.cs:23)
UnityEngine.DebugLogHandler:Internal_Log (UnityEngine.LogType,UnityEngine.LogOption,string,UnityEngine.Object)
UnityEngine.DebugLogHandler:LogFormat (UnityEngine.LogType,UnityEngine.Object,string,object[])
UnityEngine.Logger:Log (UnityEngine.LogType,object)
UnityEngine.Debug:Log (object)
Meta.HandReadinessTool.Editor.HandReadinessPromptProvider:EmitSuccess (int,int,int) (at ./Library/PackageCache/com.meta.xr.sdk.core@c0efcbf2ba70/Editor/HandReadinessTool/HandReadinessPromptProvider.cs:159)
Meta.HandReadinessTool.Editor.HandReadinessPromptProvider/<FetchAndSwap>d__11:MoveNext () (at ./Library/PackageCache/com.meta.xr.sdk.core@c0efcbf2ba70/Editor/HandReadinessTool/HandReadinessPromptProvider.cs:122)
System.Runtime.CompilerServices.AsyncMethodBuilderCore/MoveNextRunner:InvokeMoveNext (object)
System.Threading.ExecutionContext:RunInternal (System.Threading.ExecutionContext,System.Threading.ContextCallback,object,bool)
System.Threading.ExecutionContext:Run (System.Threading.ExecutionContext,System.Threading.ContextCallback,object,bool)
System.Runtime.CompilerServices.AsyncMethodBuilderCore/MoveNextRunner:Run ()
System.Threading.Tasks.AwaitTaskContinuation:InvokeAction (object)
System.Threading.Tasks.AwaitTaskContinuation:RunCallback (System.Threading.ContextCallback,object,System.Threading.Tasks.Task&)
System.Threading.Tasks.SynchronizationContextAwaitTaskContinuation:Run (System.Threading.Tasks.Task,bool)
System.Threading.Tasks.Task:FinishContinuations ()
System.Threading.Tasks.Task:FinishStageThree ()
System.Threading.Tasks.Task`1<Meta.XR.Editor.RemoteContent.DownloadResult`1<Meta.HandReadinessTool.Editor.HandReadinessPromptProvider/PromptPayload>>:TrySetResult (Meta.XR.Editor.RemoteContent.DownloadResult`1<Meta.HandReadinessTool.Editor.HandReadinessPromptProvider/PromptPayload>)
System.Runtime.CompilerServices.AsyncTaskMethodBuilder`1<Meta.XR.Editor.RemoteContent.DownloadResult`1<Meta.HandReadinessTool.Editor.HandReadinessPromptProvider/PromptPayload>>:SetResult (Meta.XR.Editor.RemoteContent.DownloadResult`1<Meta.HandReadinessTool.Editor.HandReadinessPromptProvider/PromptPayload>)
Meta.XR.Editor.UserInterface.RemoteJsonContent`1/<Create>d__1<Meta.HandReadinessTool.Editor.HandReadinessPromptProvider/PromptPayload>:MoveNext () (at ./Library/PackageCache/com.meta.xr.sdk.core@c0efcbf2ba70/Editor/Utils/UserInterface/RemoteJsonContent.cs:56)
System.Runtime.CompilerServices.AsyncMethodBuilderCore/MoveNextRunner:InvokeMoveNext (object)
System.Threading.ExecutionContext:RunInternal (System.Threading.ExecutionContext,System.Threading.ContextCallback,object,bool)
System.Threading.ExecutionContext:Run (System.Threading.ExecutionContext,System.Threading.ContextCallback,object,bool)
System.Runtime.CompilerServices.AsyncMethodBuilderCore/MoveNextRunner:Run ()
System.Threading.Tasks.AwaitTaskContinuation:InvokeAction (object)
System.Threading.Tasks.AwaitTaskContinuation:RunCallback (System.Threading.ContextCallback,object,System.Threading.Tasks.Task&)
System.Threading.Tasks.SynchronizationContextAwaitTaskContinuation:Run (System.Threading.Tasks.Task,bool)
System.Threading.Tasks.Task:FinishContinuations ()
System.Threading.Tasks.Task:FinishStageThree ()
System.Threading.Tasks.Task`1<Meta.XR.Editor.RemoteContent.DownloadResult`1<string>>:TrySetResult (Meta.XR.Editor.RemoteContent.DownloadResult`1<string>)
System.Runtime.CompilerServices.AsyncTaskMethodBuilder`1<Meta.XR.Editor.RemoteContent.DownloadResult`1<string>>:SetResult (Meta.XR.Editor.RemoteContent.DownloadResult`1<string>)
Meta.XR.Editor.RemoteContent.RemoteJsonContentDownloader/<Fetch>d__3:MoveNext () (at ./Library/PackageCache/com.meta.xr.sdk.core@c0efcbf2ba70/Editor/Utils/RemoteContent/RemoteContentDownloader.cs:374)
System.Runtime.CompilerServices.AsyncMethodBuilderCore/MoveNextRunner:InvokeMoveNext (object)
System.Threading.ExecutionContext:RunInternal (System.Threading.ExecutionContext,System.Threading.ContextCallback,object,bool)
System.Threading.ExecutionContext:Run (System.Threading.ExecutionContext,System.Threading.ContextCallback,object,bool)
System.Runtime.CompilerServices.AsyncMethodBuilderCore/MoveNextRunner:Run ()
System.Threading.Tasks.AwaitTaskContinuation:InvokeAction (object)
System.Threading.Tasks.AwaitTaskContinuation:RunCallback (System.Threading.ContextCallback,object,System.Threading.Tasks.Task&)
System.Threading.Tasks.SynchronizationContextAwaitTaskContinuation:Run (System.Threading.Tasks.Task,bool)
System.Threading.Tasks.Task:FinishContinuations ()
System.Threading.Tasks.Task:FinishStageThree ()
System.Threading.Tasks.Task`1<Meta.XR.Editor.RemoteContent.DownloadResult`1<string>>:TrySetResult (Meta.XR.Editor.RemoteContent.DownloadResult`1<string>)
System.Runtime.CompilerServices.AsyncTaskMethodBuilder`1<Meta.XR.Editor.RemoteContent.DownloadResult`1<string>>:SetResult (Meta.XR.Editor.RemoteContent.DownloadResult`1<string>)
Meta.XR.Editor.RemoteContent.RemoteContentDownloader`1/<Fetch>d__31`1<Meta.XR.Editor.RemoteContent.RemoteJsonContentDownloader, string>:MoveNext () (at ./Library/PackageCache/com.meta.xr.sdk.core@c0efcbf2ba70/Editor/Utils/RemoteContent/RemoteContentDownloader.cs:309)
System.Runtime.CompilerServices.AsyncMethodBuilderCore/MoveNextRunner:InvokeMoveNext (object)
System.Threading.ExecutionContext:RunInternal (System.Threading.ExecutionContext,System.Threading.ContextCallback,object,bool)
System.Threading.ExecutionContext:Run (System.Threading.ExecutionContext,System.Threading.ContextCallback,object,bool)
System.Runtime.CompilerServices.AsyncMethodBuilderCore/MoveNextRunner:Run ()
System.Threading.Tasks.AwaitTaskContinuation:InvokeAction (object)
System.Threading.Tasks.AwaitTaskContinuation:RunCallback (System.Threading.ContextCallback,object,System.Threading.Tasks.Task&)
System.Threading.Tasks.SynchronizationContextAwaitTaskContinuation:Run (System.Threading.Tasks.Task,bool)
System.Threading.Tasks.Task:FinishContinuations ()
System.Threading.Tasks.Task:FinishStageThree ()
System.Threading.Tasks.Task`1<string>:TrySetResult (string)
System.Runtime.CompilerServices.AsyncTaskMethodBuilder`1<string>:SetResult (string)
Meta.XR.Editor.RemoteContent.RemoteJsonContentDownloader/<ReadFromCache>d__5`1<string>:MoveNext () (at ./Library/PackageCache/com.meta.xr.sdk.core@c0efcbf2ba70/Editor/Utils/RemoteContent/RemoteContentDownloader.cs:401)
System.Runtime.CompilerServices.AsyncMethodBuilderCore/MoveNextRunner:InvokeMoveNext (object)
System.Threading.ExecutionContext:RunInternal (System.Threading.ExecutionContext,System.Threading.ContextCallback,object,bool)
System.Threading.ExecutionContext:Run (System.Threading.ExecutionContext,System.Threading.ContextCallback,object,bool)
System.Runtime.CompilerServices.AsyncMethodBuilderCore/MoveNextRunner:Run ()
System.Threading.Tasks.SynchronizationContextAwaitTaskContinuation/<>c:<.cctor>b__7_0 (object)
UnityEngine.UnitySynchronizationContext/WorkRequest:Invoke () (at /Users/bokken/build/output/unity/unity/Runtime/Export/Scripting/UnitySynchronizationContext.cs:156)
UnityEngine.UnitySynchronizationContext:Exec () (at /Users/bokken/build/output/unity/unity/Runtime/Export/Scripting/UnitySynchronizationContext.cs:84)
UnityEngine.UnitySynchronizationContext:ExecuteTasks () (at /Users/bokken/build/output/unity/unity/Runtime/Export/Scripting/UnitySynchronizationContext.cs:110)

(Filename: ./Library/PackageCache/com.meta.xr.sdk.core@c0efcbf2ba70/Editor/HandReadinessTool/HandReadinessPromptProvider.cs Line: 159)

Unloading 212 Unused Serialized files (Serialized files now loaded: 0)
Unloading 10727 unused Assets / (4.5 MB). Loaded Objects now: 14459.
Memory consumption went from 346.2 MB to 341.8 MB.
Total: 14.086459 ms (FindLiveObjects: 0.784208 ms CreateObjectMapping: 0.579333 ms MarkObjects: 10.845709 ms  DeleteObjects: 1.735583 ms)

Importing 'GUID: 157ac602de59d40eab57b182bcbf062b - Path: Assets/XR/XRGeneralSettings.asset' with importer (NativeFormatImporter)
Imported 'GUID: 157ac602de59d40eab57b182bcbf062b' -> (Import Result ID: '628c94bc7377b0998a59dfa3c75b74fd') in 0.001 seconds [static dependencies only]. Details - ImportResultOutputID=353bed1c8bc9d85a89a7d28adeb4bdbd DependenciesID=0e617fd08c38e7dbb069ddd69e8e0f34 StaticDependenciesID=6b4d9bcd195f2c26c29421f2bf7d9562 
Refreshing native plugins compatible for Editor in 2.98 ms, found 18 plugins.
Asset Pipeline Refresh (id=c81cc7de6edaf4509a151a536f07f23b): Total: 0.065 seconds - Initiated by StopAssetImportingV2(NoUpdateAssetOptions)
Importing 'GUID: cc9051f8fc50b4593870ddd8cb23535e - Path: Assets/XR/Settings/OpenXR Package Settings.asset' with importer (NativeFormatImporter)
Imported 'GUID: cc9051f8fc50b4593870ddd8cb23535e' -> (Import Result ID: '8e6342e26926a6b9cb5bd5576f42abc5') in 0.001 seconds [static dependencies only]. Details - ImportResultOutputID=42e14d0dd0de61c0b48d2e437873162a DependenciesID=c9654ceb1197500395be32a0c58f51e5 StaticDependenciesID=e7b04a565b7b2cbf5d8477eabe397c22 
Refreshing native plugins compatible for Editor in 3.49 ms, found 18 plugins.
Asset Pipeline Refresh (id=e00b529fd28514068a8c0a9cb615202a): Total: 0.015 seconds - Initiated by StopAssetImportingV2(NoUpdateAssetOptions)
Importing 'GUID: 9a75a220b552c417d958ac672b216df1 - Path: Assets/Plugins/Android/AndroidManifest.xml' with importer (TextScriptImporter)
Imported 'GUID: 9a75a220b552c417d958ac672b216df1' -> (Import Result ID: 'bafb8946fb521eeacddfdcb3bf3b45e6') in 0.001 seconds [static dependencies only]. Details - ImportResultOutputID=9c0cc3ec43dfffff56a337f5f23b5924 DependenciesID=dfddba002265ed3b6ed53f54754f3b1a StaticDependenciesID=d04213274a53554441aebf0b5c1db22f 
Refreshing native plugins compatible for Editor in 3.42 ms, found 18 plugins.
Asset Pipeline Refresh (id=40e87bea6a5d7463580e792b94e2ec4c): Total: 0.159 seconds - Initiated by RefreshV2(NoUpdateAssetOptions)
Asset Pipeline Refresh (id=ecef395ca8b1a48b9a0c9d3dcb2693cc): Total: 0.133 seconds - Initiated by RefreshV2(NoUpdateAssetOptions)
Asset Pipeline Refresh (id=0b0c67243b5284be6b5e79be86b529e1): Total: 0.136 seconds - Initiated by RefreshV2(NoUpdateAssetOptions)
[SpatialDebugger] Project configuration:
  config asset: already present
  TMP resources: already imported
  shaders: already pinned
  player settings: already correct
  XR loader: OpenXR already active for Android
  OpenXR features: Meta XR feature set already enabled; MetaXRFeature: already enabled; OculusTouchControllerProfile: already enabled; verified: Meta's own lookup resolves an enabled MetaXRFeature
  Meta project config: already correct
  AndroidManifest: updated; verified: hand tracking, scene, anchor and VR entries all present
UnityEngine.Debug:ExtractStackTraceNoAlloc (byte*,int,string)
UnityEngine.StackTraceUtility:ExtractStackTrace () (at /Users/bokken/build/output/unity/unity/Runtime/Export/Scripting/StackTrace.cs:23)
UnityEngine.DebugLogHandler:Internal_Log (UnityEngine.LogType,UnityEngine.LogOption,string,UnityEngine.Object)
UnityEngine.DebugLogHandler:LogFormat (UnityEngine.LogType,UnityEngine.Object,string,object[])
UnityEngine.Logger:Log (UnityEngine.LogType,object)
UnityEngine.Debug:Log (object)
SpatialDebugger.EditorTools.SpatialDebuggerProjectSetup:ConfigureProject () (at Assets/Editor/SpatialDebuggerProjectSetup.cs:60)
SpatialDebugger.EditorTools.SpatialDebuggerSceneSetup:BuildScene () (at Assets/Editor/SpatialDebuggerSceneSetup.cs:47)

(Filename: Assets/Editor/SpatialDebuggerProjectSetup.cs Line: 60)

Unloading 0 Unused Serialized files (Serialized files now loaded: 0)
Unloading 84 unused Assets / (7.7 KB). Loaded Objects now: 14468.
Memory consumption went from 321.6 MB to 321.6 MB.
Total: 11.680500 ms (FindLiveObjects: 0.466917 ms CreateObjectMapping: 0.115125 ms MarkObjects: 10.925792 ms  DeleteObjects: 0.045667 ms)

Importing 'GUID: ff0d82c2a474949a19f98b014ee96eb1 - Path: Assets/Scenes/SpatialDebugger.unity' with importer (DefaultImporter)
Imported 'GUID: ff0d82c2a474949a19f98b014ee96eb1' -> (Import Result ID: 'f781376a9e098512ec95da7c0fd6a361') in 0.001 seconds [static dependencies only]. Details - ImportResultOutputID=86172946c9329695dd63ee66d739ba65 DependenciesID=55831d9fd676c50ab93a913bd08cc639 StaticDependenciesID=f0262d3986c5104d6e6b24b01ef06b92 
Refreshing native plugins compatible for Editor in 2.60 ms, found 18 plugins.
Asset Pipeline Refresh (id=b0c18e95635a54bf5a232f0c223cfbb7): Total: 0.036 seconds - Initiated by StopAssetImportingV2(NoUpdateAssetOptions)
Asset Pipeline Refresh (id=9ca555c4a2a734400b449e15f58d2155): Total: 0.134 seconds - Initiated by RefreshV2(NoUpdateAssetOptions)
[SpatialDebugger] Scene setup:
  light: directional, no shadows
  camera rig: instantiated Packages/com.meta.xr.sdk.core/Prefabs/OVRCameraRig.prefab
  OVRManager: passthrough on, floor-level tracking origin
  passthrough layer: added to the rig root (underlay)
  centre-eye camera: clears to transparent, tagged MainCamera
  hands: OVRHandLeft attached to TrackingSpace/LeftHandAnchor [HandType=0, _skeletonType=4, _meshType=4]
  hands: OVRHandRight attached to TrackingSpace/RightHandAnchor [HandType=1, _skeletonType=5, _meshType=5]
  pinch placer: each pinch drops a world-space label + marker
  systems: AIClient, dispatcher, target controller, UI driver, demo analysis
  pointer sources: hand, controller, editor mouse, head gaze
  panel: world-space control panel, HIDDEN (debug UI)
  editor test surface: stand-in breadboard at (0.00, 0.90, 0.90) (Editor only)
  saved Assets/Scenes/SpatialDebugger.unity and set it as build scene 0
UnityEngine.Debug:ExtractStackTraceNoAlloc (byte*,int,string)
UnityEngine.StackTraceUtility:ExtractStackTrace () (at /Users/bokken/build/output/unity/unity/Runtime/Export/Scripting/StackTrace.cs:23)
UnityEngine.DebugLogHandler:Internal_Log (UnityEngine.LogType,UnityEngine.LogOption,string,UnityEngine.Object)
UnityEngine.DebugLogHandler:LogFormat (UnityEngine.LogType,UnityEngine.Object,string,object[])
UnityEngine.Logger:Log (UnityEngine.LogType,object)
UnityEngine.Debug:Log (object)
SpatialDebugger.EditorTools.SpatialDebuggerSceneSetup:BuildScene () (at Assets/Editor/SpatialDebuggerSceneSetup.cs:71)

(Filename: Assets/Editor/SpatialDebuggerSceneSetup.cs Line: 71)

[Licensing::Client] Successfully resolved entitlement details
Thread 0x172e67000 may have been prematurely finalized
Batchmode quit successfully invoked - shutting down!
19/09 22:54:31.446 [ 4939901] {WARNING} [Analytics] Failed to send health event: folly::BrokenPromise: Broken promise for type name `std::vector<char>`
Pipeline Server stopped
Killing ADB server in 0.049645 seconds.
Thread 0x172ef3000 may have been prematurely finalized
Input System module state changed to: ShutdownInProgress.
Input Polling Thread exited.
Input System module state changed to: Shutdown.
Shutting down MSBuild server...
Shutting down VB/C# compiler server...
Thread 0x1702ef000 may have been prematurely finalized
Thread 0x170407000 may have been prematurely finalized
Thread 0x17037b000 may have been prematurely finalized
Thread 0x170493000 may have been prematurely finalized
Thread 0x1706c3000 may have been prematurely finalized
Thread 0x170637000 may have been prematurely finalized
Thread 0x1705ab000 may have been prematurely finalized
Thread 0x17051f000 may have been prematurely finalized
[Physics::Module] Cleanup current backend.
[Physics::Module] Id: 0xf2b8ea05
[Licensing::IpcConnector] LicenseClient-yanzhenchen-notifications channel disconnected successfully.
[Licensing::IpcConnector] LicenseClient-yanzhenchen channel disconnected successfully.
VB/C# compiler server shut down successfully.
MSBuild server shut down successfully.
Shut down UDS service system complete
Lingering sessions upon destruction of worker manager
Unity Data Store service was successfully shut down
UDS shutting down local client system
AcceleratorClientConnectionCallback - disconnected - :0
Cleanup mono
CodeReloadManager destroyed
debugger-agent: Unable to listen on 43
Exiting batchmode successfully now!
[ExitDontLaunchBugReporter] Exiting without the bug reporter. Application will exit with return code 0
[Package Manager] Server process was shutdown
